../Core/Src/esp8266.c:40:18:ESP8266_Init	8	static
../Core/Src/esp8266.c:81:18:ESP8266_ConnectWiFi	152	static
../Core/Src/esp8266.c:96:18:ESP8266_ConnectMQTT	288	static
../Core/Src/esp8266.c:116:18:ESP8266_SubscribeMQTT	152	static
../Core/Src/esp8266.c:135:18:ESP8266_PublishMQTT	280	static
../Core/Src/esp8266.c:149:18:ESP8266_SendCommand	24	static
../Core/Src/esp8266.c:166:18:ESP8266_ProcessReceivedData	8	static
../Core/Src/esp8266.c:179:6:ESP8266_ClearBuffer	8	static
../Core/Src/esp8266.c:192:13:ESP8266_Delay	16	static
../Core/Src/esp8266.c:203:25:ESP8266_WaitForResponse	24	static
../Core/Src/esp8266.c:231:13:ESP8266_UART_Transmit	16	static
../Core/Src/esp8266.c:245:13:ESP8266_ProcessBuffer	128	static
../Core/Src/esp8266.c:304:6:ESP8266_UART_RxCallback	16	static
../Core/Src/esp8266.c:335:13:ESP8266_OnMQTTMessageReceived	16	static
