../Core/Src/esp8266.c:42:18:ESP8266_Init	24	static
../Core/Src/esp8266.c:104:18:ESP8266_ConnectWiFi	152	static
../Core/Src/esp8266.c:120:18:ESP8266_ConnectMQTT	288	static
../Core/Src/esp8266.c:142:18:ESP8266_SubscribeMQTT	152	static
../Core/Src/esp8266.c:161:18:ESP8266_PublishMQTT	280	static
../Core/Src/esp8266.c:175:18:ESP8266_SendCommand	24	static
../Core/Src/esp8266.c:198:6:ESP8266_ProcessDMAData	16	static
../Core/Src/esp8266.c:229:6:ESP8266_ClearBuffer	8	static
../Core/Src/esp8266.c:241:25:ESP8266_WaitForResponse	24	static
../Core/Src/esp8266.c:276:13:ESP8266_UART_Transmit	24	static
../Core/Src/esp8266.c:293:13:ESP8266_ProcessBuffer	128	static
../Core/Src/esp8266.c:344:13:ESP8266_ProcessDMAByte	16	static
../Core/Src/esp8266.c:377:13:ESP8266_OnMQTTMessageReceived	16	static
